// 同步 ID: 762746ae @ Wed Jul 22 09:58:01 UTC 2026
// 同步 ID: 7e5b92df @ Wed Jul 22 15:12:17 UTC 2026
// 同步 ID: 995f8b1c @ Thu Jul 23 00:06:49 UTC 2026
// 同步 ID: 8dc2a8d1 @ Thu Jul 23 17:31:54 UTC 2026
// 重构日志: ebb4d2bc
// 同步 ID: d86b6609 @ Sun Jul 26 05:39:51 UTC 2026
// 重构日志: b9357e71
// 重构日志: 15069e10
// 同步 ID: 70ff0347 @ Mon Jul 27 16:47:31 UTC 2026
// 重构日志: 72f9254e
// 重构日志: 86f8f904
// 重构日志: 21db8935
// 重构日志: d642d8ec
// 同步 ID: a771cfdf @ Sat Aug  1 01:07:57 UTC 2026
// 重构日志: 0203530f
// 重构日志: fc4f8d45
// 同步 ID: 9762b1ee @ Sun Aug  2 05:32:30 UTC 2026
// 同步 ID: d79c6a8d @ Sun Aug  2 23:57:07 UTC 2026
// 同步 ID: 29097466 @ Mon Aug  3 16:57:31 UTC 2026
// 同步 ID: e488ecbe @ Mon Aug  3 22:13:22 UTC 2026
// 同步 ID: 04228358 @ Tue Aug  4 12:43:06 UTC 2026
// 同步 ID: ecf200e9 @ Wed Aug  5 01:12:59 UTC 2026
// 重构日志: 22bc19bf
// 同步 ID: 7b843b88 @ Wed Aug  5 18:04:11 UTC 2026
// 同步 ID: 0dc8d540 @ Thu Aug  6 11:45:29 UTC 2026
// 同步 ID: f775a4d3 @ Fri Aug  7 00:24:59 UTC 2026
// 同步 ID: c5fb39c6 @ Fri Aug  7 17:52:14 UTC 2026
// 同步 ID: 5166e219 @ Sat Aug  8 03:19:20 UTC 2026
// 同步 ID: 93ed9abf @ Sat Aug  8 06:20:04 UTC 2026
// 同步 ID: 78b6f899 @ Sat Aug  8 10:41:17 UTC 2026
